[niqsfitgym.me/index.html]
[backblue.gif]
[fade.gif]
[index.html]
[kit.fontawesome.com/1985d96bfa.js]
[niqsfitgym.me/hs-fs/hub/46178952/hub_generated/template_assets/175836539234/1723878104085/marketplace/MagicalMtas/Relxo/css/vendor/bootstrap.min.css]
[niqsfitgym.me/hs-fs/hub/46178952/hub_generated/template_assets/175836134015/1723878103800/marketplace/MagicalMtas/Relxo/css/plugins/animate.min.css]
[niqsfitgym.me/hs-fs/hub/46178952/hub_generated/template_assets/175841684841/1723878104422/marketplace/MagicalMtas/Relxo/css/plugins/aos.min.css]
[niqsfitgym.me/hs-fs/hub/46178952/hub_generated/template_assets/175836539242/1723878105830/marketplace/MagicalMtas/Relxo/css/plugins/swiper-bundle.min.css]
[niqsfitgym.me/hs-fs/hub/46178952/hub_generated/template_assets/175836539238/1723878103797/marketplace/MagicalMtas/Relxo/css/plugins/venobox.min.css]
[niqsfitgym.me/hs-fs/hub/46178952/hub_generated/template_assets/175836539245/1723878103763/marketplace/MagicalMtas/Relxo/css/main.min.css]
[niqsfitgym.me/hs-fs/hub/46178952/hub_generated/module_assets/175841684866/1723792651588/module_175841684866_Header_Navigation.min.css]
[niqsfitgym.me/hs-fs/hub/46178952/hub_generated/module_assets/175836539270/1723792651584/module_175836539270_Mobile_Menu.min.css]
[niqsfitgym.me/hs-fs/hub/46178952/hub_generated/module_assets/175836134042/1723792651609/module_175836134042_Hero_Banner.min.css]
[niqsfitgym.me/hs-fs/hub/46178952/hub_generated/module_assets/175841684864/1723792651559/module_175841684864_Section_Title.min.css]
[niqsfitgym.me/_hcms/googlefonts/Poppins/regular.woff2]
[niqsfitgym.me/_hcms/googlefonts/Poppins/regular.woff]
[niqsfitgym.me/_hcms/googlefonts/DM_Serif_Display/regular.woff2]
[niqsfitgym.me/_hcms/googlefonts/DM_Serif_Display/regular.woff]
[niqsfitgym.me/hs-fs/hubfs/350927600_743944877480262_965541091089105033_n-removebg-preview (2)9bc9.png]
[niqsfitgym.me/index1c7c.html]
[niqsfitgym.me/contact1c7c]
[niqsfitgym.me/hs-fs/hubfs/350927600_743944877480262_965541091089105033_n-removebg-preview (2)fd0f.png]
[niqsfitgym.me/hubfs/Ancol Alan (1)_11zon (2)-1.png]
[niqsfitgym.me/hs-fs/hubfs/IMG_3607_11zon-photoaidcom-cropped31ba.png]
[img.youtube.com/vi/uAXU07QRxJM/maxresdefault.jpg]
[img.youtube.com/vi/aMcKRmmySWs/maxresdefault.jpg]
[niqsfitgym.me/hubfs/Screenshot 2024-07-26 134524.png]
[img.icons8.com/color/48/000000/facebook-new.png]
[img.icons8.com/color/48/000000/instagram-new.png]
[img.icons8.com/color/48/000000/tiktok--v1.png]
[niqsfitgym.me/hs/hsstatic/cms-free-branding-lib/static-1.267/js/index.js]
[static.hsappstatic.net/content-cwv-embed/static-1.971/embed.js]
[niqsfitgym.me/hs-fs/hub/46178952/hub_generated/template_assets/175836133999/1723878105737/marketplace/MagicalMtas/Relxo/js/vendor/modernizr-3.11.7.min.js]
[niqsfitgym.me/hs-fs/hub/46178952/hub_generated/template_assets/175841684825/1723878104717/marketplace/MagicalMtas/Relxo/js/vendor/bootstrap.bundle.min.js]
[niqsfitgym.me/hs-fs/hub/46178952/hub_generated/template_assets/175841684827/1723878105205/marketplace/MagicalMtas/Relxo/js/plugins/aos.min.js]
[niqsfitgym.me/hs-fs/hub/46178952/hub_generated/template_assets/175841684824/1723878104658/marketplace/MagicalMtas/Relxo/js/plugins/svg-inject.min.js]
[niqsfitgym.me/hs-fs/hub/46178952/hub_generated/template_assets/175836539230/1723878104051/marketplace/MagicalMtas/Relxo/js/plugins/vivus.min.js]
[niqsfitgym.me/hs-fs/hub/46178952/hub_generated/template_assets/175836539228/1723878103750/marketplace/MagicalMtas/Relxo/js/plugins/parallax.min.js]
[niqsfitgym.me/hs-fs/hub/46178952/hub_generated/template_assets/175836134003/1723878103792/marketplace/MagicalMtas/Relxo/js/plugins/swiper-bundle.min.js]
[niqsfitgym.me/hs-fs/hub/46178952/hub_generated/template_assets/175836134001/1723878104930/marketplace/MagicalMtas/Relxo/js/plugins/venobox.min.js]
[niqsfitgym.me/hs-fs/hub/46178952/hub_generated/template_assets/175836539226/1723878105961/marketplace/MagicalMtas/Relxo/js/main.min.js]
[niqsfitgym.me/hs/hsstatic/cos-i18n/static-1.53/bundles/project.js]
[niqsfitgym.me/hs/scriptloader/46178952.js]
[niqsfitgym.me/hs/hsstatic/HubspotToolsMenu/static-1.354/js/index.js]
[niqsfitgym.me/index.html]
[niqsfitgym.me/hs-fs/hub/46178952/hub_generated/template_assets/175836539234/1723878104085/marketplace/MagicalMtas/Relxo/css/vendor/bootstrap.min.css]
[niqsfitgym.me/hs-fs/hub/46178952/hub_generated/template_assets/175836134015/1723878103800/marketplace/MagicalMtas/Relxo/css/plugins/animate.min.css]
[niqsfitgym.me/hs-fs/hub/46178952/hub_generated/template_assets/175841684841/1723878104422/marketplace/MagicalMtas/Relxo/css/plugins/aos.min.css]
[niqsfitgym.me/hs-fs/hub/46178952/hub_generated/template_assets/175836539242/1723878105830/marketplace/MagicalMtas/Relxo/css/plugins/swiper-bundle.min.css]
[niqsfitgym.me/hs-fs/hub/46178952/hub_generated/template_assets/175836539238/1723878103797/marketplace/MagicalMtas/Relxo/css/plugins/venobox.min.css]
[niqsfitgym.me/hs-fs/hub/46178952/hub_generated/template_assets/175836539245/1723878103763/marketplace/MagicalMtas/Relxo/css/main.min.css]
[niqsfitgym.me/hs-fs/hub/46178952/hub_generated/module_assets/175841684866/1723792651588/module_175841684866_Header_Navigation.min.css]
[niqsfitgym.me/hs-fs/hub/46178952/hub_generated/module_assets/175836539270/1723792651584/module_175836539270_Mobile_Menu.min.css]
[niqsfitgym.me/hs-fs/hub/46178952/hub_generated/module_assets/175836134042/1723792651609/module_175836134042_Hero_Banner.min.css]
[niqsfitgym.me/hs-fs/hub/46178952/hub_generated/module_assets/175841684864/1723792651559/module_175841684864_Section_Title.min.css]
[www.googletagmanager.com/gtm5445.html]
[connect.facebook.net/en_US/fbevents.js]
[niqsfitgym.me/index1c7c.html]
[niqsfitgym.me/contact1c7c.html]
[niqsfitgym.me/a]
[niqsfitgym.me/POST]
[niqsfitgym.me/b.resolvedLink]
[niqsfitgym.me/schema.org/index.html]
[niqsfitgym.me/signals/iwl.js]
[connect.facebook.net/en_US/fbevents.js]
[niqsfitgym.me/a.html]
[niqsfitgym.me/POST.html]
[niqsfitgym.me/schema.org/index.html]
[niqsfitgym.me/b.html]
[niqsfitgym.me/signals/iwl.html]
